Commit: 2c47185cc78101db0caf776bbc27f6fe8bae4a70
Command: ['cargo', 'bench', '--locked', '-p', 'solar-lsp', '--features', 'bench', '--bench', 'lsp', '--', '--noplot', '--sample-size', '30', '--warm-up-time', '1', '--measurement-time', '1', '--save-baseline', 'pr-main-20260911', 'lsp/(completion|unchanged-document-update)']
warning: failed to auto-clean cache data

failed to clean entries from the global cache

Caused by:
  failed to remove file `/Users/yuhang/.cargo/registry/src/mirrors.tuna.tsinghua.edu.cn-e791a3f93f26854f/getopts-0.2.24/Cargo.toml`

Caused by:
  Permission denied (os error 13)
   Compiling solar-config v0.2.0 (/Users/yuhang/solar/crates/config)
   Compiling solar-interface v0.2.0 (/Users/yuhang/solar/crates/interface)
   Compiling solar-ast v0.2.0 (/Users/yuhang/solar/crates/ast)
   Compiling solar-parse v0.2.0 (/Users/yuhang/solar/crates/parse)
   Compiling solar-sema v0.2.0 (/Users/yuhang/solar/crates/sema)
   Compiling solar-lsp v0.2.0 (/Users/yuhang/solar/crates/lsp)
    Finished `bench` profile [optimized + debuginfo] target(s) in 35.40s
     Running benches/lsp.rs (target/release/build/solar-lsp/67d9116b3a3b0120/out/lsp-67d9116b3a3b0120)
Benchmarking lsp/completion/all
Benchmarking lsp/completion/all: Warming up for 1.0000 s
Benchmarking lsp/completion/all: Collecting 30 samples in estimated 1.0057 s (16k iterations)
Benchmarking lsp/completion/all: Analyzing
lsp/completion/all      time:   [62.227 µs 63.742 µs 65.304 µs]
Found 4 outliers among 30 measurements (13.33%)
  3 (10.00%) high mild
  1 (3.33%) high severe
Benchmarking lsp/completion/selective
Benchmarking lsp/completion/selective: Warming up for 1.0000 s
Benchmarking lsp/completion/selective: Collecting 30 samples in estimated 1.0002 s (170k iterations)
Benchmarking lsp/completion/selective: Analyzing
lsp/completion/selective
                        time:   [5.7420 µs 5.8033 µs 5.8914 µs]
Found 1 outliers among 30 measurements (3.33%)
  1 (3.33%) high severe
Benchmarking lsp/completion/no-match
Benchmarking lsp/completion/no-match: Warming up for 1.0000 s
Benchmarking lsp/completion/no-match: Collecting 30 samples in estimated 1.0006 s (243k iterations)
Benchmarking lsp/completion/no-match: Analyzing
lsp/completion/no-match time:   [4.0702 µs 4.0825 µs 4.0950 µs]
Found 1 outliers among 30 measurements (3.33%)
  1 (3.33%) low mild

Benchmarking lsp/unchanged-document-update/optimism
Benchmarking lsp/unchanged-document-update/optimism: Warming up for 1.0000 s
Benchmarking lsp/unchanged-document-update/optimism: Collecting 30 samples in estimated 1.9448 s (930 iterations)
Benchmarking lsp/unchanged-document-update/optimism: Analyzing
lsp/unchanged-document-update/optimism
                        time:   [1.2391 ms 1.2569 ms 1.2779 ms]
                        thrpt:  [3.9239 GiB/s 3.9892 GiB/s 4.0466 GiB/s]
Found 1 outliers among 30 measurements (3.33%)
  1 (3.33%) high severe

