Benchmarking lsp/completion/all
Benchmarking lsp/completion/all: Warming up for 1.0000 s
Benchmarking lsp/completion/all: Collecting 40 samples in estimated 2.0310 s (33k iterations)
Benchmarking lsp/completion/all: Analyzing
lsp/completion/all      time:   [61.693 µs 63.135 µs 64.991 µs]
Found 1 outliers among 40 measurements (2.50%)
  1 (2.50%) high mild
Benchmarking lsp/completion/selective
Benchmarking lsp/completion/selective: Warming up for 1.0000 s
Benchmarking lsp/completion/selective: Collecting 40 samples in estimated 2.0019 s (520k iterations)
Benchmarking lsp/completion/selective: Analyzing
lsp/completion/selective
                        time:   [3.6404 µs 3.6775 µs 3.7155 µs]
Found 7 outliers among 40 measurements (17.50%)
  2 (5.00%) low severe
  3 (7.50%) low mild
  1 (2.50%) high mild
  1 (2.50%) high severe
Benchmarking lsp/completion/no-match
Benchmarking lsp/completion/no-match: Warming up for 1.0000 s
Benchmarking lsp/completion/no-match: Collecting 40 samples in estimated 2.0025 s (651k iterations)
Benchmarking lsp/completion/no-match: Analyzing
lsp/completion/no-match time:   [3.0302 µs 3.0753 µs 3.1594 µs]
Found 5 outliers among 40 measurements (12.50%)
  1 (2.50%) low mild
  2 (5.00%) high mild
  2 (5.00%) high severe

